Quick Check: Edge properties vs binary checks
==============================================

Training: cat ΓåÆ cats (30 episodes)...
  Episode 10/30
  Episode 20/30
  Episode 30/30

Test 1: cat ΓåÆ ?
  Output: "ctc" (expected: "cats")
  Γ£ù FAIL

Test 2: bat ΓåÆ ? (zero-shot)
  Output: "tct" (expected: "bats")
  Γ£ù FAIL

Test 3: mat ΓåÆ ? (zero-shot)
  Output: "ctc" (expected: "mats")
  Γ£ù FAIL

==============================================
Results: 0/3 tests passed
Γ¥î PROBLEM: Still not learning properly
   - Check if edge weights are being updated
   - Check if success_count is incrementing
